I'm sorry, but errors were detected in your script. Please correct the
errors listed below, and try again.


File "game/Code/chara.rpy", line 13: expected '=' not found.
    image Nh;
            ^

Ren'Py Version: Ren'Py 8.1.3.23091805
Mon Jan  8 20:27:19 2024
